// Jest Snapshot v1, https://goo.gl/fbAQLP

exports[`createWebpackConfigStatic default Webpack config 1`] = `
Object {
  "createdWebpackConfigBase": true,
  "devtool": "source-map",
  "entry": Object {
    "static": "<PROJECT_ROOT>/src/webpack/static-render-pages.js",
  },
  "externals": Object {
    "@mapbox/link-hijacker": "<PROJECT_ROOT>/node_modules/@mapbox/link-hijacker/index.js",
    "@mapbox/link-to-location": "<PROJECT_ROOT>/node_modules/@mapbox/link-to-location/index.js",
    "@mapbox/scroll-restorer": "<PROJECT_ROOT>/node_modules/@mapbox/scroll-restorer/index.js",
    "electron": "electron",
    "mkdirp": "<PROJECT_ROOT>/node_modules/mkdirp/index.js",
    "pify": "<PROJECT_ROOT>/node_modules/pify/index.js",
    "react": "react",
    "react-dom": "react-dom",
    "react-dom/server": "react-dom/server",
    "react-helmet": "react-helmet",
    "source-map-support/register": "<PROJECT_ROOT>/node_modules/source-map-support/register.js",
    "uglify-js": "<PROJECT_ROOT>/node_modules/uglify-js/tools/node.js",
  },
  "node": Object {
    "Buffer": false,
    "__dirname": false,
    "__filename": false,
    "console": false,
    "global": false,
    "process": false,
    "setImmediate": false,
  },
  "output": Object {
    "filename": "./static-render-pages.js",
    "libraryTarget": "commonjs2",
  },
  "plugins": Array [
    LimitChunkCountPlugin {
      "options": Object {
        "maxChunks": 1,
      },
    },
  ],
  "target": "node",
}
`;

exports[`createWebpackConfigStatic with all Batfish config options that make a difference 1`] = `
Object {
  "createdWebpackConfigBase": true,
  "devtool": "source-map",
  "entry": Object {
    "static": "<PROJECT_ROOT>/src/webpack/static-render-pages.js",
  },
  "externals": Object {
    "@mapbox/link-hijacker": "<PROJECT_ROOT>/node_modules/@mapbox/link-hijacker/index.js",
    "@mapbox/link-to-location": "<PROJECT_ROOT>/node_modules/@mapbox/link-to-location/index.js",
    "@mapbox/scroll-restorer": "<PROJECT_ROOT>/node_modules/@mapbox/scroll-restorer/index.js",
    "electron": "electron",
    "mkdirp": "<PROJECT_ROOT>/node_modules/mkdirp/index.js",
    "pify": "<PROJECT_ROOT>/node_modules/pify/index.js",
    "react": "react",
    "react-dom": "react-dom",
    "react-dom/server": "react-dom/server",
    "react-helmet": "react-helmet",
    "source-map-support/register": "<PROJECT_ROOT>/node_modules/source-map-support/register.js",
    "uglify-js": "<PROJECT_ROOT>/node_modules/uglify-js/tools/node.js",
  },
  "module": Object {
    "rules": Array [
      Object {
        "loader": "ignore-loader",
        "test": /stuff\\\\/to\\\\/ignore/,
      },
    ],
  },
  "node": Object {
    "Buffer": false,
    "__dirname": false,
    "__filename": false,
    "console": false,
    "global": false,
    "process": false,
    "setImmediate": false,
  },
  "output": Object {
    "filename": "./static-render-pages.js",
    "libraryTarget": "commonjs2",
  },
  "plugins": Array [
    LimitChunkCountPlugin {
      "options": Object {
        "maxChunks": 1,
      },
    },
    NormalModuleReplacementPlugin {
      "newResource": "<PROJECT_ROOT>/src/node/static-stubs/react-component.js",
      "resourceRegExp": /\\\\/path\\\\/to\\\\/component\\\\/a/,
    },
    NormalModuleReplacementPlugin {
      "newResource": "<PROJECT_ROOT>/src/node/static-stubs/react-component.js",
      "resourceRegExp": /\\\\/path\\\\/to\\\\/component\\\\/b/,
    },
  ],
  "target": "node",
  "underwentStaticTransform": true,
}
`;
