// Jest Snapshot v1, https://goo.gl/fbAQLP

exports[`start order of notifications 1`] = `
Array [
  "Starting the development server.",
  "Wait ...",
  "CSS finished compiling.",
  "Webpack notification 1",
  "CSS finished compiling.",
  "Webpack notification 2",
]
`;
