// Jest Snapshot v1, https://goo.gl/fbAQLP

exports[`validateConfig defaults 1`] = `
Object {
  "applicationWrapperPath": "<PROJECT_ROOT>/src/webpack/empty-application-wrapper.js",
  "babelExclude": /\\[\\\\/\\\\\\\\\\\\\\\\\\]node_modules\\[\\\\/\\\\\\\\\\\\\\\\\\]/,
  "babelInclude": Array [],
  "babelPlugins": Array [],
  "babelPresets": Array [],
  "browserslist": Array [
    "> 5%",
    "last 2 versions",
  ],
  "clearOutputDirectory": true,
  "devBrowserslist": Array [
    "Edge >= 14",
    "Firefox >= 52",
    "Chrome >= 58",
    "Safari >= 10",
    "iOS >= 10.2",
  ],
  "developmentDevtool": "source-map",
  "fileLoaderExtensions": Array [
    "jpeg",
    "jpg",
    "png",
    "gif",
    "webp",
    "mp4",
    "webm",
    "woff",
    "woff2",
  ],
  "hijackLinks": true,
  "includePromisePolyfill": true,
  "jsxtremeMarkdownOptions": Object {},
  "manageScrollRestoration": true,
  "outputDirectory": "/my-project/_batfish_site",
  "pageSpecificCss": true,
  "pagesDirectory": "/my-project/src/pages",
  "port": 8080,
  "postcssPlugins": Array [
    [Function],
  ],
  "production": false,
  "productionDevtool": false,
  "publicAssetsPath": "/assets",
  "siteBasePath": "",
  "sitemap": true,
  "spa": false,
  "staticHtmlInlineDeferCss": true,
  "stylesheets": Array [],
  "temporaryDirectory": "/my-project/_batfish_tmp",
  "verbose": false,
  "webpackStaticStubReactComponent": Array [],
  "webpackStats": false,
}
`;
